\BOOKMARK [0][-]{chapter*.1}{\376\377\000R\000e\000m\000e\000r\000c\000i\000e\000m\000e\000n\000t\000s}{}% 1
\BOOKMARK [0][-]{chapter*.2}{\376\377\000R\000\351\000s\000u\000m\000\351}{}% 2
\BOOKMARK [0][-]{chapter*.3}{\376\377\000A\000b\000s\000t\000r\000a\000c\000t}{}% 3
\BOOKMARK [0][-]{chapter*.7}{\376\377\000L\000i\000s\000t\000e\000\040\000d\000e\000s\000\040\000a\000b\000r\000\351\000v\000i\000a\000t\000i\000o\000n\000s}{}% 4
\BOOKMARK [0][-]{chapter*.8}{\376\377\000I\000n\000t\000r\000o\000d\000u\000c\000t\000i\000o\000n\000\040\000g\000\351\000n\000\351\000r\000a\000l\000e}{}% 5
\BOOKMARK [0][-]{chapter.1}{\376\377\000C\000o\000n\000t\000e\000x\000t\000e\000\040\000d\000u\000\040\000P\000r\000o\000j\000e\000t}{}% 6
\BOOKMARK [1][-]{section.1.1}{\376\377\000I\000n\000t\000r\000o\000d\000u\000c\000t\000i\000o\000n}{chapter.1}% 7
\BOOKMARK [1][-]{section.1.2}{\376\377\000P\000r\000\351\000s\000e\000n\000t\000a\000t\000i\000o\000n\000\040\000d\000e\000\040\000l\000'\000o\000r\000g\000a\000n\000i\000s\000m\000e\000\040\000d\000'\000a\000c\000c\000u\000e\000i\000l}{chapter.1}% 8
\BOOKMARK [2][-]{subsection.1.2.1}{\376\377\000L\000'\000E\000N\000S\000A\000\040\000B\000\351\000n\000i\000\040\000M\000e\000l\000l\000a\000l}{section.1.2}% 9
\BOOKMARK [2][-]{subsection.1.2.2}{\376\377\000M\000i\000s\000s\000i\000o\000n\000s\000\040\000e\000t\000\040\000o\000f\000f\000r\000e\000\040\000d\000e\000\040\000f\000o\000r\000m\000a\000t\000i\000o\000n}{section.1.2}% 10
\BOOKMARK [2][-]{subsection.1.2.3}{\376\377\000S\000e\000r\000v\000i\000c\000e\000\040\000d\000e\000\040\000l\000a\000\040\000S\000c\000o\000l\000a\000r\000i\000t\000\351}{section.1.2}% 11
\BOOKMARK [1][-]{section.1.3}{\376\377\000C\000o\000n\000t\000e\000x\000t\000e\000\040\000e\000t\000\040\000p\000r\000o\000b\000l\000\351\000m\000a\000t\000i\000q\000u\000e}{chapter.1}% 12
\BOOKMARK [2][-]{subsection.1.3.1}{\376\377\000L\000e\000\040\000p\000r\000o\000c\000e\000s\000s\000u\000s\000\040\000a\000c\000t\000u\000e\000l\000\040\000d\000e\000\040\000p\000r\000\351\000s\000\351\000l\000e\000c\000t\000i\000o\000n}{section.1.3}% 13
\BOOKMARK [2][-]{subsection.1.3.2}{\376\377\000P\000r\000o\000b\000l\000\350\000m\000e\000s\000\040\000i\000d\000e\000n\000t\000i\000f\000i\000\351\000s}{section.1.3}% 14
\BOOKMARK [2][-]{subsection.1.3.3}{\376\377\000L\000e\000\040\000s\000y\000s\000t\000\350\000m\000e\000\040\000L\000M\000D\000\040\000m\000a\000r\000o\000c\000a\000i\000n}{section.1.3}% 15
\BOOKMARK [1][-]{section.1.4}{\376\377\000O\000b\000j\000e\000c\000t\000i\000f\000s\000\040\000d\000u\000\040\000p\000r\000o\000j\000e\000t}{chapter.1}% 16
\BOOKMARK [2][-]{subsection.1.4.1}{\376\377\000O\000b\000j\000e\000c\000t\000i\000f\000\040\000p\000r\000i\000n\000c\000i\000p\000a\000l}{section.1.4}% 17
\BOOKMARK [2][-]{subsection.1.4.2}{\376\377\000O\000b\000j\000e\000c\000t\000i\000f\000s\000\040\000s\000p\000\351\000c\000i\000f\000i\000q\000u\000e\000s}{section.1.4}% 18
\BOOKMARK [1][-]{section.1.5}{\376\377\000P\000\351\000r\000i\000m\000\350\000t\000r\000e\000\040\000f\000o\000n\000c\000t\000i\000o\000n\000n\000e\000l}{chapter.1}% 19
\BOOKMARK [1][-]{section.1.6}{\376\377\000M\000\351\000t\000h\000o\000d\000o\000l\000o\000g\000i\000e\000\040\000d\000e\000\040\000t\000r\000a\000v\000a\000i\000l}{chapter.1}% 20
\BOOKMARK [1][-]{section.1.7}{\376\377\000C\000o\000n\000c\000l\000u\000s\000i\000o\000n}{chapter.1}% 21
\BOOKMARK [0][-]{chapter.2}{\376\377\000A\000r\000c\000h\000i\000t\000e\000c\000t\000u\000r\000e\000\040\000e\000t\000\040\000B\000a\000s\000e\000\040\000d\000e\000\040\000d\000o\000n\000n\000\351\000e\000s}{}% 22
\BOOKMARK [1][-]{section.2.1}{\376\377\000I\000n\000t\000r\000o\000d\000u\000c\000t\000i\000o\000n}{chapter.2}% 23
\BOOKMARK [1][-]{section.2.2}{\376\377\000A\000r\000c\000h\000i\000t\000e\000c\000t\000u\000r\000e\000\040\000g\000l\000o\000b\000a\000l\000e}{chapter.2}% 24
\BOOKMARK [2][-]{subsection.2.2.1}{\376\377\000V\000u\000e\000\040\000d\000'\000e\000n\000s\000e\000m\000b\000l\000e}{section.2.2}% 25
\BOOKMARK [2][-]{subsection.2.2.2}{\376\377\000A\000r\000c\000h\000i\000t\000e\000c\000t\000u\000r\000e\000\040\000R\000E\000S\000T\000\040\000s\000t\000a\000t\000e\000l\000e\000s\000s}{section.2.2}% 26
\BOOKMARK [1][-]{section.2.3}{\376\377\000S\000t\000a\000c\000k\000\040\000t\000e\000c\000h\000n\000o\000l\000o\000g\000i\000q\000u\000e}{chapter.2}% 27
\BOOKMARK [1][-]{section.2.4}{\376\377\000O\000r\000g\000a\000n\000i\000s\000a\000t\000i\000o\000n\000\040\000m\000o\000d\000u\000l\000a\000i\000r\000e\000\040\000d\000u\000\040\000b\000a\000c\000k\000e\000n\000d}{chapter.2}% 28
\BOOKMARK [1][-]{section.2.5}{\376\377\000D\000i\000c\000t\000i\000o\000n\000n\000a\000i\000r\000e\000\040\000d\000e\000s\000\040\000m\000o\000d\000\350\000l\000e\000s\000\040\000D\000j\000a\000n\000g\000o}{chapter.2}% 29
\BOOKMARK [2][-]{subsection.2.5.1}{\376\377\000A\000p\000p\000l\000i\000c\000a\000t\000i\000o\000n\000\040\000U\000s\000e\000r\000s}{section.2.5}% 30
\BOOKMARK [2][-]{subsection.2.5.2}{\376\377\000A\000p\000p\000l\000i\000c\000a\000t\000i\000o\000n\000\040\000C\000a\000n\000d\000i\000d\000a\000t\000u\000r\000e\000s}{section.2.5}% 31
\BOOKMARK [2][-]{subsection.2.5.3}{\376\377\000A\000p\000p\000l\000i\000c\000a\000t\000i\000o\000n\000\040\000A\000d\000m\000i\000n\000i\000s\000t\000r\000a\000t\000i\000o\000n\000\040\000e\000t\000\040\000S\000c\000o\000r\000i\000n\000g}{section.2.5}% 32
\BOOKMARK [1][-]{section.2.6}{\376\377\000R\000e\000l\000a\000t\000i\000o\000n\000s\000\040\000e\000t\000\040\000c\000a\000r\000d\000i\000n\000a\000l\000i\000t\000\351\000s}{chapter.2}% 33
\BOOKMARK [1][-]{section.2.7}{\376\377\000M\000a\000c\000h\000i\000n\000e\000\040\000d\000'\000\351\000t\000a\000t\000s\000\040\000d\000u\000\040\000d\000o\000s\000s\000i\000e\000r}{chapter.2}% 34
\BOOKMARK [1][-]{section.2.8}{\376\377\000C\000o\000n\000c\000l\000u\000s\000i\000o\000n}{chapter.2}% 35
\BOOKMARK [0][-]{chapter.3}{\376\377\000L\000o\000g\000i\000q\000u\000e\000\040\000M\000\351\000t\000i\000e\000r\000\040\000e\000t\000\040\000A\000l\000g\000o\000r\000i\000t\000h\000m\000e\000s}{}% 36
\BOOKMARK [1][-]{section.3.1}{\376\377\000I\000n\000t\000r\000o\000d\000u\000c\000t\000i\000o\000n}{chapter.3}% 37
\BOOKMARK [1][-]{section.3.2}{\376\377\000M\000o\000t\000e\000u\000r\000\040\000d\000e\000\040\000r\000\350\000g\000l\000e\000s\000\040\000d\000e\000\040\000r\000e\000j\000e\000t\000\040\000a\000u\000t\000o\000m\000a\000t\000i\000q\000u\000e}{chapter.3}% 38
\BOOKMARK [2][-]{subsection.3.2.1}{\376\377\000P\000r\000i\000n\000c\000i\000p\000e\000\040\000d\000e\000\040\000f\000o\000n\000c\000t\000i\000o\000n\000n\000e\000m\000e\000n\000t}{section.3.2}% 39
\BOOKMARK [2][-]{subsection.3.2.2}{\376\377\000T\000y\000p\000e\000s\000\040\000d\000e\000\040\000r\000\350\000g\000l\000e\000s\000\040\000i\000m\000p\000l\000\351\000m\000e\000n\000t\000\351\000s}{section.3.2}% 40
\BOOKMARK [2][-]{subsection.3.2.3}{\376\377\000J\000o\000u\000r\000n\000a\000l\000i\000s\000a\000t\000i\000o\000n\000\040\000d\000e\000s\000\040\000r\000e\000j\000e\000t\000s}{section.3.2}% 41
\BOOKMARK [1][-]{section.3.3}{\376\377\000A\000l\000g\000o\000r\000i\000t\000h\000m\000e\000\040\000d\000e\000\040\000s\000c\000o\000r\000i\000n\000g\000\040\000p\000o\000n\000d\000\351\000r\000\351\000\040\000p\000a\000r\000\040\000f\000i\000l\000i\000\350\000r\000e}{chapter.3}% 42
\BOOKMARK [2][-]{subsection.3.3.1}{\376\377\000P\000r\000i\000n\000c\000i\000p\000e\000\040\000g\000\351\000n\000\351\000r\000a\000l}{section.3.3}% 43
\BOOKMARK [2][-]{subsection.3.3.2}{\376\377\000C\000o\000e\000f\000f\000i\000c\000i\000e\000n\000t\000s\000\040\000d\000e\000s\000\040\000q\000u\000a\000t\000r\000e\000\040\000f\000i\000l\000i\000\350\000r\000e\000s}{section.3.3}% 44
\BOOKMARK [2][-]{subsection.3.3.3}{\376\377\000F\000o\000r\000m\000u\000l\000e\000\040\000d\000e\000\040\000c\000a\000l\000c\000u\000l\000\040\000d\000u\000\040\000s\000c\000o\000r\000e\000\040\000d\000o\000s\000s\000i\000e\000r}{section.3.3}% 45
\BOOKMARK [2][-]{subsection.3.3.4}{\376\377\000B\000o\000n\000u\000s\000\040\000d\000e\000\040\000m\000e\000n\000t\000i\000o\000n\000\040\000e\000t\000\040\000c\000o\000e\000f\000f\000i\000c\000i\000e\000n\000t\000\040\000d\000i\000p\000l\000\364\000m\000e}{section.3.3}% 46
\BOOKMARK [2][-]{subsection.3.3.5}{\376\377\000F\000o\000r\000m\000u\000l\000e\000\040\000d\000u\000\040\000s\000c\000o\000r\000e\000\040\000f\000i\000n\000a\000l}{section.3.3}% 47
\BOOKMARK [1][-]{section.3.4}{\376\377\000P\000i\000p\000e\000l\000i\000n\000e\000\040\000O\000C\000R\000\040\000e\000t\000\040\000F\000u\000z\000z\000y\000\040\000M\000a\000t\000c\000h\000i\000n\000g}{chapter.3}% 48
\BOOKMARK [2][-]{subsection.3.4.1}{\376\377\000E\000x\000t\000r\000a\000c\000t\000i\000o\000n\000\040\000O\000C\000R}{section.3.4}% 49
\BOOKMARK [2][-]{subsection.3.4.2}{\376\377\000N\000e\000t\000t\000o\000y\000a\000g\000e\000\040\000d\000u\000\040\000b\000r\000u\000i\000t\000\040\000O\000C\000R}{section.3.4}% 50
\BOOKMARK [2][-]{subsection.3.4.3}{\376\377\000F\000u\000z\000z\000y\000\040\000M\000a\000t\000c\000h\000i\000n\000g\000\040\000d\000e\000s\000\040\000m\000a\000t\000i\000\350\000r\000e\000s}{section.3.4}% 51
\BOOKMARK [2][-]{subsection.3.4.4}{\376\377\000S\000c\000o\000r\000i\000n\000g\000\040\000a\000v\000e\000c\000\040\000f\000a\000l\000l\000b\000a\000c\000k}{section.3.4}% 52
\BOOKMARK [1][-]{section.3.5}{\376\377\000C\000a\000l\000c\000u\000l\000\040\000a\000u\000t\000o\000m\000a\000t\000i\000q\000u\000e\000\040\000d\000e\000s\000\040\000m\000e\000n\000t\000i\000o\000n\000s}{chapter.3}% 53
\BOOKMARK [1][-]{section.3.6}{\376\377\000C\000o\000n\000c\000l\000u\000s\000i\000o\000n}{chapter.3}% 54
\BOOKMARK [0][-]{chapter.4}{\376\377\000I\000m\000p\000l\000\351\000m\000e\000n\000t\000a\000t\000i\000o\000n\000,\000\040\000A\000s\000y\000n\000c\000h\000r\000o\000n\000i\000s\000m\000e\000\040\000e\000t\000\040\000T\000e\000s\000t\000s}{}% 55
\BOOKMARK [1][-]{section.4.1}{\376\377\000I\000n\000t\000r\000o\000d\000u\000c\000t\000i\000o\000n}{chapter.4}% 56
\BOOKMARK [1][-]{section.4.2}{\376\377\000I\000n\000t\000e\000r\000f\000a\000c\000e\000s\000\040\000d\000\351\000v\000e\000l\000o\000p\000p\000\351\000e\000s}{chapter.4}% 57
\BOOKMARK [1][-]{section.4.3}{\376\377\000G\000e\000s\000t\000i\000o\000n\000\040\000d\000e\000\040\000l\000'\000a\000s\000y\000n\000c\000h\000r\000o\000n\000i\000s\000m\000e}{chapter.4}% 58
\BOOKMARK [2][-]{subsection.4.3.1}{\376\377\000P\000r\000o\000b\000l\000\351\000m\000a\000t\000i\000q\000u\000e}{section.4.3}% 59
\BOOKMARK [2][-]{subsection.4.3.2}{\376\377\000S\000o\000l\000u\000t\000i\000o\000n\000\040\000:\000\040\000t\000h\000r\000e\000a\000d\000i\000n\000g\000.\000T\000h\000r\000e\000a\000d}{section.4.3}% 60
\BOOKMARK [2][-]{subsection.4.3.3}{\376\377\000G\000e\000s\000t\000i\000o\000n\000\040\000d\000e\000s\000\040\000c\000o\000n\000n\000e\000x\000i\000o\000n\000s\000\040\000b\000a\000s\000e\000\040\000d\000e\000\040\000d\000o\000n\000n\000\351\000e\000s}{section.4.3}% 61
\BOOKMARK [1][-]{section.4.4}{\376\377\000S\000y\000s\000t\000\350\000m\000e\000\040\000d\000e\000\040\000n\000o\000t\000i\000f\000i\000c\000a\000t\000i\000o\000n\000s\000\040\000e\000n\000\040\000t\000e\000m\000p\000s\000\040\000r\000\351\000e\000l}{chapter.4}% 62
\BOOKMARK [2][-]{subsection.4.4.1}{\376\377\000A\000r\000c\000h\000i\000t\000e\000c\000t\000u\000r\000e\000\040\000W\000e\000b\000S\000o\000c\000k\000e\000t}{section.4.4}% 63
\BOOKMARK [2][-]{subsection.4.4.2}{\376\377\000E\000n\000v\000o\000i\000\040\000e\000n\000\040\000m\000a\000s\000s\000e\000\040\000a\000v\000e\000c\000\040\000p\000r\000o\000g\000r\000e\000s\000s\000i\000o\000n}{section.4.4}% 64
\BOOKMARK [1][-]{section.4.5}{\376\377\000S\000y\000s\000t\000\350\000m\000e\000\040\000d\000e\000\040\000l\000o\000g\000g\000i\000n\000g}{chapter.4}% 65
\BOOKMARK [1][-]{section.4.6}{\376\377\000S\000\351\000c\000u\000r\000i\000t\000\351\000\040\000d\000e\000\040\000l\000'\000a\000p\000p\000l\000i\000c\000a\000t\000i\000o\000n}{chapter.4}% 66
\BOOKMARK [1][-]{section.4.7}{\376\377\000S\000t\000r\000a\000t\000\351\000g\000i\000e\000\040\000d\000e\000\040\000t\000e\000s\000t\000s}{chapter.4}% 67
\BOOKMARK [2][-]{subsection.4.7.1}{\376\377\000N\000i\000v\000e\000a\000u\000x\000\040\000d\000e\000\040\000t\000e\000s\000t\000s}{section.4.7}% 68
\BOOKMARK [2][-]{subsection.4.7.2}{\376\377\000T\000e\000s\000t\000s\000\040\000d\000u\000\040\000m\000o\000t\000e\000u\000r\000\040\000d\000e\000\040\000r\000\350\000g\000l\000e\000s}{section.4.7}% 69
\BOOKMARK [2][-]{subsection.4.7.3}{\376\377\000T\000e\000s\000t\000s\000\040\000d\000e\000\040\000l\000'\000a\000l\000g\000o\000r\000i\000t\000h\000m\000e\000\040\000d\000e\000\040\000s\000c\000o\000r\000i\000n\000g}{section.4.7}% 70
\BOOKMARK [2][-]{subsection.4.7.4}{\376\377\000R\000\351\000c\000a\000p\000i\000t\000u\000l\000a\000t\000i\000f\000\040\000d\000e\000s\000\040\000t\000e\000s\000t\000s}{section.4.7}% 71
\BOOKMARK [2][-]{subsection.4.7.5}{\376\377\000C\000o\000u\000v\000e\000r\000t\000u\000r\000e\000\040\000d\000e\000\040\000c\000o\000d\000e}{section.4.7}% 72
\BOOKMARK [1][-]{section.4.8}{\376\377\000D\000i\000f\000f\000i\000c\000u\000l\000t\000\351\000s\000\040\000r\000e\000n\000c\000o\000n\000t\000r\000\351\000e\000s\000\040\000e\000t\000\040\000s\000o\000l\000u\000t\000i\000o\000n\000s}{chapter.4}% 73
\BOOKMARK [1][-]{section.4.9}{\376\377\000C\000o\000n\000c\000l\000u\000s\000i\000o\000n}{chapter.4}% 74
\BOOKMARK [0][-]{chapter*.55}{\376\377\000C\000o\000n\000c\000l\000u\000s\000i\000o\000n\000\040\000g\000\351\000n\000\351\000r\000a\000l\000e}{}% 75
\BOOKMARK [1][-]{section*.56}{\376\377\000P\000e\000r\000s\000p\000e\000c\000t\000i\000v\000e\000s\000\040\000d\000'\000a\000m\000\351\000l\000i\000o\000r\000a\000t\000i\000o\000n}{chapter*.55}% 76
\BOOKMARK [0][-]{section*.56}{\376\377\000B\000i\000b\000l\000i\000o\000g\000r\000a\000p\000h\000i\000e}{}% 77
