This is pdfTeX, Version 3.141592653-2.6-1.40.25 (TeX Live 2023/Debian) (preloaded format=pdflatex 2026.6.10)  13 JUN 2026 21:42
entering extended mode
 restricted \write18 enabled.
 %&-line parsing enabled.
**rapport_EST_Fes.tex
(./rapport_EST_Fes.tex
LaTeX2e <2023-11-01> patch level 1
L3 programming layer <2024-01-22>
(/usr/share/texlive/texmf-dist/tex/latex/base/report.cls
Document Class: report 2023/05/17 v1.4n Standard LaTeX document class
(/usr/share/texlive/texmf-dist/tex/latex/base/size12.clo
File: size12.clo 2023/05/17 v1.4n Standard LaTeX file (size option)
)
\c@part=\count187
\c@chapter=\count188
\c@section=\count189
\c@subsection=\count190
\c@subsubsection=\count191
\c@paragraph=\count192
\c@subparagraph=\count193
\c@figure=\count194
\c@table=\count195
\abovecaptionskip=\skip48
\belowcaptionskip=\skip49
\bibindent=\dimen140
)
(/usr/share/texlive/texmf-dist/tex/latex/base/inputenc.sty
Package: inputenc 2021/02/14 v1.3d Input encoding file
\inpenc@prehook=\toks17
\inpenc@posthook=\toks18
)
(/usr/share/texlive/texmf-dist/tex/latex/base/fontenc.sty
Package: fontenc 2021/04/29 v2.0v Standard LaTeX package
)
(/usr/share/texlive/texmf-dist/tex/generic/babel/babel.sty
Package: babel 2024/01/07 v24.1 The Babel package
\babel@savecnt=\count196
\U@D=\dimen141
\l@unhyphenated=\language89

(/usr/share/texlive/texmf-dist/tex/generic/babel/txtbabel.def)
\bbl@readstream=\read2
\bbl@dirlevel=\count197

(/usr/share/texlive/texmf-dist/tex/generic/babel-french/french.ldf
Language: french 2023-12-19 v3.5r French support from the babel system
Package babel Info: Hyphen rules for 'acadian' set to \l@french
(babel)             (\language20). Reported on input line 91.
Package babel Info: Hyphen rules for 'canadien' set to \l@french
(babel)             (\language20). Reported on input line 92.
\FB@stdchar=\count198
Package babel Info: Making : an active character on input line 420.
Package babel Info: Making ; an active character on input line 421.
Package babel Info: Making ! an active character on input line 422.
Package babel Info: Making ? an active character on input line 423.
\FBguill@level=\count199
\FBold@everypar=\toks19
\FB@Mht=\dimen142
\mc@charclass=\count266
\mc@charfam=\count267
\mc@charslot=\count268
\std@mcc=\count269
\dec@mcc=\count270
\FB@parskip=\dimen143
\listindentFB=\dimen144
\descindentFB=\dimen145
\labelindentFB=\dimen146
\labelwidthFB=\dimen147
\leftmarginFB=\dimen148
\parindentFFN=\dimen149
\FBfnindent=\dimen150
))
(/usr/share/texlive/texmf-dist/tex/generic/babel/locale/fr/babel-french.tex
Package babel Info: Importing font and identification data for french
(babel)             from babel-fr.ini. Reported on input line 11.
)
(/usr/share/texlive/texmf-dist/tex/latex/carlisle/scalefnt.sty)
(/usr/share/texlive/texmf-dist/tex/latex/graphics/keyval.sty
Package: keyval 2022/05/29 v1.15 key=value parser (DPC)
\KV@toks@=\toks20
)
(/usr/share/texmf/tex/latex/lm/lmodern.sty
Package: lmodern 2015/05/01 v1.6.1 Latin Modern Fonts
LaTeX Font Info:    Overwriting symbol font `operators' in version `normal'
(Font)                  OT1/cmr/m/n --> OT1/lmr/m/n on input line 22.
LaTeX Font Info:    Overwriting symbol font `letters' in version `normal'
(Font)                  OML/cmm/m/it --> OML/lmm/m/it on input line 23.
LaTeX Font Info:    Overwriting symbol font `symbols' in version `normal'
(Font)                  OMS/cmsy/m/n --> OMS/lmsy/m/n on input line 24.
LaTeX Font Info:    Overwriting symbol font `largesymbols' in version `normal'
(Font)                  OMX/cmex/m/n --> OMX/lmex/m/n on input line 25.
LaTeX Font Info:    Overwriting symbol font `operators' in version `bold'
(Font)                  OT1/cmr/bx/n --> OT1/lmr/bx/n on input line 26.
LaTeX Font Info:    Overwriting symbol font `letters' in version `bold'
(Font)                  OML/cmm/b/it --> OML/lmm/b/it on input line 27.
LaTeX Font Info:    Overwriting symbol font `symbols' in version `bold'
(Font)                  OMS/cmsy/b/n --> OMS/lmsy/b/n on input line 28.
LaTeX Font Info:    Overwriting symbol font `largesymbols' in version `bold'
(Font)                  OMX/cmex/m/n --> OMX/lmex/m/n on input line 29.
LaTeX Font Info:    Overwriting math alphabet `\mathbf' in version `normal'
(Font)                  OT1/cmr/bx/n --> OT1/lmr/bx/n on input line 31.
LaTeX Font Info:    Overwriting math alphabet `\mathsf' in version `normal'
(Font)                  OT1/cmss/m/n --> OT1/lmss/m/n on input line 32.
LaTeX Font Info:    Overwriting math alphabet `\mathit' in version `normal'
(Font)                  OT1/cmr/m/it --> OT1/lmr/m/it on input line 33.
LaTeX Font Info:    Overwriting math alphabet `\mathtt' in version `normal'
(Font)                  OT1/cmtt/m/n --> OT1/lmtt/m/n on input line 34.
LaTeX Font Info:    Overwriting math alphabet `\mathbf' in version `bold'
(Font)                  OT1/cmr/bx/n --> OT1/lmr/bx/n on input line 35.
LaTeX Font Info:    Overwriting math alphabet `\mathsf' in version `bold'
(Font)                  OT1/cmss/bx/n --> OT1/lmss/bx/n on input line 36.
LaTeX Font Info:    Overwriting math alphabet `\mathit' in version `bold'
(Font)                  OT1/cmr/bx/it --> OT1/lmr/bx/it on input line 37.
LaTeX Font Info:    Overwriting math alphabet `\mathtt' in version `bold'
(Font)                  OT1/cmtt/m/n --> OT1/lmtt/m/n on input line 38.
)
(/usr/share/texlive/texmf-dist/tex/latex/geometry/geometry.sty
Package: geometry 2020/01/02 v5.9 Page Geometry

(/usr/share/texlive/texmf-dist/tex/generic/iftex/ifvtex.sty
Package: ifvtex 2019/10/25 v1.7 ifvtex legacy package. Use iftex instead.

(/usr/share/texlive/texmf-dist/tex/generic/iftex/iftex.sty
Package: iftex 2022/02/03 v1.0f TeX engine tests
))
\Gm@cnth=\count271
\Gm@cntv=\count272
\c@Gm@tempcnt=\count273
\Gm@bindingoffset=\dimen151
\Gm@wd@mp=\dimen152
\Gm@odd@mp=\dimen153
\Gm@even@mp=\dimen154
\Gm@layoutwidth=\dimen155
\Gm@layoutheight=\dimen156
\Gm@layouthoffset=\dimen157
\Gm@layoutvoffset=\dimen158
\Gm@dimlist=\toks21
)
(/usr/share/texlive/texmf-dist/tex/latex/setspace/setspace.sty
Package: setspace 2022/12/04 v6.7b set line spacing
)
(/usr/share/texlive/texmf-dist/tex/latex/graphics/graphicx.sty
Package: graphicx 2021/09/16 v1.2d Enhanced LaTeX Graphics (DPC,SPQR)

(/usr/share/texlive/texmf-dist/tex/latex/graphics/graphics.sty
Package: graphics 2022/03/10 v1.4e Standard LaTeX Graphics (DPC,SPQR)

(/usr/share/texlive/texmf-dist/tex/latex/graphics/trig.sty
Package: trig 2021/08/11 v1.11 sin cos tan (DPC)
)
(/usr/share/texlive/texmf-dist/tex/latex/graphics-cfg/graphics.cfg
File: graphics.cfg 2016/06/04 v1.11 sample graphics configuration
)
Package graphics Info: Driver file: pdftex.def on input line 107.

(/usr/share/texlive/texmf-dist/tex/latex/graphics-def/pdftex.def
File: pdftex.def 2022/09/22 v1.2b Graphics/color driver for pdftex
))
\Gin@req@height=\dimen159
\Gin@req@width=\dimen160
)
(/usr/share/texlive/texmf-dist/tex/latex/xcolor/xcolor.sty
Package: xcolor 2023/11/15 v3.01 LaTeX color extensions (UK)

(/usr/share/texlive/texmf-dist/tex/latex/graphics-cfg/color.cfg
File: color.cfg 2016/01/02 v1.6 sample color configuration
)
Package xcolor Info: Driver file: pdftex.def on input line 274.

(/usr/share/texlive/texmf-dist/tex/latex/graphics/mathcolor.ltx)
Package xcolor Info: Model `cmy' substituted by `cmy0' on input line 1350.
Package xcolor Info: Model `hsb' substituted by `rgb' on input line 1354.
Package xcolor Info: Model `RGB' extended on input line 1366.
Package xcolor Info: Model `HTML' substituted by `rgb' on input line 1368.
Package xcolor Info: Model `Hsb' substituted by `hsb' on input line 1369.
Package xcolor Info: Model `tHsb' substituted by `hsb' on input line 1370.
Package xcolor Info: Model `HSB' substituted by `hsb' on input line 1371.
Package xcolor Info: Model `Gray' substituted by `gray' on input line 1372.
Package xcolor Info: Model `wave' substituted by `hsb' on input line 1373.
)
(/usr/share/texlive/texmf-dist/tex/latex/tools/longtable.sty
Package: longtable 2023-11-01 v4.19 Multi-page Table package (DPC)
\LTleft=\skip50
\LTright=\skip51
\LTpre=\skip52
\LTpost=\skip53
\LTchunksize=\count274
\LTcapwidth=\dimen161
\LT@head=\box51
\LT@firsthead=\box52
\LT@foot=\box53
\LT@lastfoot=\box54
\LT@gbox=\box55
\LT@cols=\count275
\LT@rows=\count276
\c@LT@tables=\count277
\c@LT@chunks=\count278
\LT@p@ftn=\toks22
)
(/usr/share/texlive/texmf-dist/tex/latex/booktabs/booktabs.sty
Package: booktabs 2020/01/12 v1.61803398 Publication quality tables
\heavyrulewidth=\dimen162
\lightrulewidth=\dimen163
\cmidrulewidth=\dimen164
\belowrulesep=\dimen165
\belowbottomsep=\dimen166
\aboverulesep=\dimen167
\abovetopsep=\dimen168
\cmidrulesep=\dimen169
\cmidrulekern=\dimen170
\defaultaddspace=\dimen171
\@cmidla=\count279
\@cmidlb=\count280
\@aboverulesep=\dimen172
\@belowrulesep=\dimen173
\@thisruleclass=\count281
\@lastruleclass=\count282
\@thisrulewidth=\dimen174
)
(/usr/share/texlive/texmf-dist/tex/latex/tools/array.sty
Package: array 2023/10/16 v2.5g Tabular extension package (FMi)
\col@sep=\dimen175
\ar@mcellbox=\box56
\extrarowheight=\dimen176
\NC@list=\toks23
\extratabsurround=\skip54
\backup@length=\skip55
\ar@cellbox=\box57
)
(/usr/share/texlive/texmf-dist/tex/latex/tools/calc.sty
Package: calc 2023/07/08 v4.3 Infix arithmetic (KKT,FJ)
\calc@Acount=\count283
\calc@Bcount=\count284
\calc@Adimen=\dimen177
\calc@Bdimen=\dimen178
\calc@Askip=\skip56
\calc@Bskip=\skip57
LaTeX Info: Redefining \setlength on input line 80.
LaTeX Info: Redefining \addtolength on input line 81.
\calc@Ccount=\count285
\calc@Cskip=\skip58
)
(/usr/share/texlive/texmf-dist/tex/latex/amsfonts/amssymb.sty
Package: amssymb 2013/01/14 v3.01 AMS font symbols

(/usr/share/texlive/texmf-dist/tex/latex/amsfonts/amsfonts.sty
Package: amsfonts 2013/01/14 v3.01 Basic AMSFonts support
\@emptytoks=\toks24
\symAMSa=\mathgroup4
\symAMSb=\mathgroup5
LaTeX Font Info:    Redeclaring math symbol \hbar on input line 98.
LaTeX Font Info:    Overwriting math alphabet `\mathfrak' in version `bold'
(Font)                  U/euf/m/n --> U/euf/b/n on input line 106.
))
(/usr/share/texlive/texmf-dist/tex/latex/titlesec/titlesec.sty
Package: titlesec 2023/10/27 v2.16 Sectioning titles
\ttl@box=\box58
\beforetitleunit=\skip59
\aftertitleunit=\skip60
\ttl@plus=\dimen179
\ttl@minus=\dimen180
\ttl@toksa=\toks25
\titlewidth=\dimen181
\titlewidthlast=\dimen182
\titlewidthfirst=\dimen183
)
LaTeX Font Info:    Trying to load font information for T1+lmr on input line 58
.

(/usr/share/texmf/tex/latex/lm/t1lmr.fd
File: t1lmr.fd 2015/05/01 v1.6.1 Font defs for Latin Modern
)
(/usr/share/texlive/texmf-dist/tex/latex/l3backend/l3backend-pdftex.def
File: l3backend-pdftex.def 2024-01-04 L3 backend support: PDF output (pdfTeX)
\l__color_backend_stack_int=\count286
\l__pdf_internal_box=\box59
)
(./rapport_EST_Fes.aux)
\openout1 = `rapport_EST_Fes.aux'.

LaTeX Font Info:    Checking defaults for OML/cmm/m/it on input line 58.
LaTeX Font Info:    ... okay on input line 58.
LaTeX Font Info:    Checking defaults for OMS/cmsy/m/n on input line 58.
LaTeX Font Info:    ... okay on input line 58.
LaTeX Font Info:    Checking defaults for OT1/cmr/m/n on input line 58.
LaTeX Font Info:    ... okay on input line 58.
LaTeX Font Info:    Checking defaults for T1/cmr/m/n on input line 58.
LaTeX Font Info:    ... okay on input line 58.
LaTeX Font Info:    Checking defaults for TS1/cmr/m/n on input line 58.
LaTeX Font Info:    ... okay on input line 58.
LaTeX Font Info:    Checking defaults for OMX/cmex/m/n on input line 58.
LaTeX Font Info:    ... okay on input line 58.
LaTeX Font Info:    Checking defaults for U/cmr/m/n on input line 58.
LaTeX Font Info:    ... okay on input line 58.
LaTeX Info: Redefining \degres on input line 58.
LaTeX Info: Redefining \up on input line 58.

*geometry* driver: auto-detecting
*geometry* detected driver: pdftex
*geometry* verbose mode - [ preamble ] result:
* driver: pdftex
* paper: a4paper
* layout: <same size as paper>
* layoutoffset:(h,v)=(0.0pt,0.0pt)
* modes: 
* h-part:(L,W,R)=(71.13188pt, 455.24411pt, 71.13188pt)
* v-part:(T,H,B)=(71.13188pt, 702.78308pt, 71.13188pt)
* \paperwidth=597.50787pt
* \paperheight=845.04684pt
* \textwidth=455.24411pt
* \textheight=702.78308pt
* \oddsidemargin=-1.1381pt
* \evensidemargin=-1.1381pt
* \topmargin=-38.1381pt
* \headheight=12.0pt
* \headsep=25.0pt
* \topskip=12.0pt
* \footskip=30.0pt
* \marginparwidth=35.0pt
* \marginparsep=10.0pt
* \columnsep=10.0pt
* \skip\footins=10.8pt plus 4.0pt minus 2.0pt
* \hoffset=0.0pt
* \voffset=0.0pt
* \mag=1000
* \@twocolumnfalse
* \@twosidefalse
* \@mparswitchfalse
* \@reversemarginfalse
* (1in=72.27pt=25.4mm, 1cm=28.453pt)

(/usr/share/texlive/texmf-dist/tex/context/base/mkii/supp-pdf.mkii
[Loading MPS to PDF converter (version 2006.09.02).]
\scratchcounter=\count287
\scratchdimen=\dimen184
\scratchbox=\box60
\nofMPsegments=\count288
\nofMParguments=\count289
\everyMPshowfont=\toks26
\MPscratchCnt=\count290
\MPscratchDim=\dimen185
\MPnumerator=\count291
\makeMPintoPDFobject=\count292
\everyMPtoPDFconversion=\toks27
) (/usr/share/texlive/texmf-dist/tex/latex/epstopdf-pkg/epstopdf-base.sty
Package: epstopdf-base 2020-01-24 v2.11 Base part for package epstopdf
Package epstopdf-base Info: Redefining graphics rule for `.eps' on input line 4
85.

(/usr/share/texlive/texmf-dist/tex/latex/latexconfig/epstopdf-sys.cfg
File: epstopdf-sys.cfg 2010/07/13 v1.3 Configuration of (r)epstopdf for TeX Liv
e
))
LaTeX Font Info:    Trying to load font information for OT1+lmr on input line 1
06.

(/usr/share/texmf/tex/latex/lm/ot1lmr.fd
File: ot1lmr.fd 2015/05/01 v1.6.1 Font defs for Latin Modern
)
LaTeX Font Info:    Trying to load font information for OML+lmm on input line 1
06.

(/usr/share/texmf/tex/latex/lm/omllmm.fd
File: omllmm.fd 2015/05/01 v1.6.1 Font defs for Latin Modern
)
LaTeX Font Info:    Trying to load font information for OMS+lmsy on input line 
106.

(/usr/share/texmf/tex/latex/lm/omslmsy.fd
File: omslmsy.fd 2015/05/01 v1.6.1 Font defs for Latin Modern
)
LaTeX Font Info:    Trying to load font information for OMX+lmex on input line 
106.

(/usr/share/texmf/tex/latex/lm/omxlmex.fd
File: omxlmex.fd 2015/05/01 v1.6.1 Font defs for Latin Modern
)
LaTeX Font Info:    External font `lmex10' loaded for size
(Font)              <12> on input line 106.
LaTeX Font Info:    External font `lmex10' loaded for size
(Font)              <8> on input line 106.
LaTeX Font Info:    External font `lmex10' loaded for size
(Font)              <6> on input line 106.
LaTeX Font Info:    Trying to load font information for U+msa on input line 106
.

(/usr/share/texlive/texmf-dist/tex/latex/amsfonts/umsa.fd
File: umsa.fd 2013/01/14 v3.01 AMS symbols A
)
LaTeX Font Info:    Trying to load font information for U+msb on input line 106
.

(/usr/share/texlive/texmf-dist/tex/latex/amsfonts/umsb.fd
File: umsb.fd 2013/01/14 v3.01 AMS symbols B
) [1

{/var/lib/texmf/fonts/map/pdftex/updmap/pdftex.map}{/usr/share/texmf/fonts/enc/
dvips/lm/lm-ec.enc}] [1

] [2

] (./rapport_EST_Fes.toc
LaTeX Font Info:    Trying to load font information for TS1+lmr on input line 8
.
 (/usr/share/texmf/tex/latex/lm/ts1lmr.fd
File: ts1lmr.fd 2015/05/01 v1.6.1 Font defs for Latin Modern
)
[3

{/usr/share/texmf/fonts/enc/dvips/lm/lm-ts1.enc}]
<media/image20.png, id=18, 1604.99625pt x 754.82pt>
File: media/image20.png Graphic file (type png)
<use media/image20.png>
Package pdftex.def Info: media/image20.png  used on input line 60.
(pdftex.def)             Requested size: 457.79604pt x 215.2987pt.

Overfull \hbox (65.41357pt too wide) in paragraph at lines 60--60
 [][] [][] [][]  
 []

<media/image21.png, id=20, 1604.99625pt x 754.82pt>
File: media/image21.png Graphic file (type png)
<use media/image21.png>
Package pdftex.def Info: media/image21.png  used on input line 61.
(pdftex.def)             Requested size: 457.79604pt x 215.2987pt.

Overfull \hbox (65.41357pt too wide) in paragraph at lines 61--61
 [][] [][] [][]  
 []

[4 <./media/image20.png>]
<media/image22.png, id=25, 1355.0625pt x 755.82375pt>
File: media/image22.png Graphic file (type png)
<use media/image22.png>
Package pdftex.def Info: media/image22.png  used on input line 62.
(pdftex.def)             Requested size: 457.79976pt x 255.35052pt.

Overfull \hbox (65.4173pt too wide) in paragraph at lines 62--62
 [][] [][] [][]  
 []

<media/image23.png, id=26, 1372.12625pt x 758.835pt>
File: media/image23.png Graphic file (type png)
<use media/image23.png>
Package pdftex.def Info: media/image23.png  used on input line 63.
(pdftex.def)             Requested size: 457.80699pt x 253.13736pt.

Overfull \hbox (65.42453pt too wide) in paragraph at lines 63--63
 [][] [][] [][]  
 []

[5 <./media/image21.png> <./media/image22.png>])
\tf@toc=\write3
\openout3 = `rapport_EST_Fes.toc'.

 [6 <./media/image23.png>]
(./rapport_EST_Fes.lof)
\tf@lof=\write4
\openout4 = `rapport_EST_Fes.lof'.

 [7

] (./rapport_EST_Fes.lot)
\tf@lot=\write5
\openout5 = `rapport_EST_Fes.lot'.

 [8

] [9

]
(./chapitres/01_introduction.tex
Chapitre 1.
[1


]
Chapitre 2.
[2

] [3] [4{/usr/share/texmf/fonts/enc/dvips/lm/lm-mathsy.enc}] [5]
Chapitre 3.
<media/image3.png, id=65, 688.5725pt x 731.73375pt>
File: media/image3.png Graphic file (type png)
<use media/image3.png>
Package pdftex.def Info: media/image3.png  used on input line 339.
(pdftex.def)             Requested size: 446.82083pt x 491.24162pt.
<media/image5.png, id=66, 1650.165pt x 2453.165pt>
File: media/image5.png Graphic file (type png)
<use media/image5.png>
Package pdftex.def Info: media/image5.png  used on input line 368.
(pdftex.def)             Requested size: 203.29893pt x 302.153pt.
[6

] [7 <./media/image3.png>] [8 <./media/image5.png>] [9]
<media/image6.png, id=82, 226.8475pt x 382.42876pt>
File: media/image6.png Graphic file (type png)
<use media/image6.png>
Package pdftex.def Info: media/image6.png  used on input line 512.
(pdftex.def)             Requested size: 170.1352pt x 286.83252pt.

Overfull \hbox (7.7822pt too wide) in paragraph at lines 524--529
[]\T1/lmr/m/n/12 Le mo-dèle User étend Abs-tract-Ba-seU-ser de Django pour per-
son-na-li-ser l\TS1/lmr/m/n/12 '\T1/lmr/m/n/12 authentification.
 []

[10 <./media/image6.png>] [11]
<media/image7.png, id=90, 1092.08pt x 460.72125pt>
File: media/image7.png Graphic file (type png)
<use media/image7.png>
Package pdftex.def Info: media/image7.png  used on input line 642.
(pdftex.def)             Requested size: 567.06836pt x 265.13762pt.

Overfull \hbox (129.44907pt too wide) in paragraph at lines 642--646
[][]
 []


Overfull \hbox (0.76685pt too wide) in paragraph at lines 642--646
\T1/lmr/m/n/12 mo-dèle No-te-Se-mestre rem-place l\TS1/lmr/m/n/12 '\T1/lmr/m/n/
12 ancienne ap-proche par No-te-Ma-tiere. Il in-tègre la moyenne
 []

[12 <./media/image7.png>] [13]
Overfull \hbox (13.73524pt too wide) in paragraph at lines 787--790
[]\T1/lmr/m/n/12 Le dos-sier suit une ma-chine d\TS1/lmr/m/n/12 '\T1/lmr/m/n/12
 états stricte im-plé-men-tée dans la mé-thode chan-ger_statut()
 []

<media/image9.png, id=98, 581.17125pt x 866.23625pt>
File: media/image9.png Graphic file (type png)
<use media/image9.png>
Package pdftex.def Info: media/image9.png  used on input line 825.
(pdftex.def)             Requested size: 310.20967pt x 479.0353pt.
[14] [15 <./media/image9.png>]
Chapitre 4.

Overfull \hbox (15.65034pt too wide) in paragraph at lines 892--892
[]|\T1/lmr/m/n/12 MOYENNE_INSUFFISANTE|  
 []


Overfull \hbox (8.96976pt too wide) in paragraph at lines 898--898
[]|\T1/lmr/m/n/12 DOCUMENT_MANQUANT|  
 []


Overfull \hbox (24.29846pt too wide) in paragraph at lines 902--902
[]|\T1/lmr/m/n/12 ETABLISSEMENT_INVALIDE|  
 []

[16

]
<media/image11.png, id=110, 1403.2425pt x 359.3425pt>
File: media/image11.png Graphic file (type png)
<use media/image11.png>
Package pdftex.def Info: media/image11.png  used on input line 908.
(pdftex.def)             Requested size: 514.67372pt x 133.60164pt.

Overfull \hbox (59.42961pt too wide) in paragraph at lines 908--909
 [][] 
 []


Overfull \hbox (0.50397pt too wide) in paragraph at lines 951--952
[]\T1/lmr/bx/n/12 MATH  
 []


Overfull \hbox (25.36555pt too wide) in paragraph at lines 953--954
[]\T1/lmr/bx/n/12 ELEC_AUTO  
 []


Overfull \hbox (23.09824pt too wide) in paragraph at lines 955--956
[]\T1/lmr/bx/n/12 CHIMIE_BIO  
 []


Overfull \hbox (31.93025pt too wide) in paragraph at lines 957--958
[]\T1/lmr/bx/n/12 RESEAUX_BD  
 []


Overfull \hbox (13.58803pt too wide) in paragraph at lines 959--960
[]\T1/lmr/bx/n/12 LANGUES  
 []


Underfull \hbox (badness 1215) in paragraph at lines 963--963
[]\T1/lmr/m/sc/12 Tableau 4.2\T1/lmr/m/n/12 : Ma-trice des pon-dé-ra-tions par 
fi-lière
 []


Overfull \hbox (0.50397pt too wide) in paragraph at lines 969--970
[]\T1/lmr/bx/n/12 MATH  
 []


Overfull \hbox (25.36555pt too wide) in paragraph at lines 971--972
[]\T1/lmr/bx/n/12 ELEC_AUTO  
 []


Overfull \hbox (23.09824pt too wide) in paragraph at lines 973--974
[]\T1/lmr/bx/n/12 CHIMIE_BIO  
 []


Overfull \hbox (31.93025pt too wide) in paragraph at lines 975--976
[]\T1/lmr/bx/n/12 RESEAUX_BD  
 []


Overfull \hbox (13.58803pt too wide) in paragraph at lines 977--978
[]\T1/lmr/bx/n/12 LANGUES  
 []

[17 <./media/image11.png>]
<media/image13.png, id=115, 314.17375pt x 599.23875pt>
File: media/image13.png Graphic file (type png)
<use media/image13.png>
Package pdftex.def Info: media/image13.png  used on input line 1009.
(pdftex.def)             Requested size: 214.90091pt x 442.71654pt.
 [18{/usr/share/texmf/fonts/enc/dvips/lm/lm-rm.enc}]
[19 <./media/image13.png>]
<media/image15.png, id=124, 353.32pt x 465.74pt>
File: media/image15.png Graphic file (type png)
<use media/image15.png>
Package pdftex.def Info: media/image15.png  used on input line 1080.
(pdftex.def)             Requested size: 196.08414pt x 291.29997pt.
 [20 <./media/image15.png>] [21] [22]
Chapitre 5.
[23

]
<media/image17.png, id=139, 1604.99625pt x 754.82pt>
File: media/image17.png Graphic file (type png)
<use media/image17.png>
Package pdftex.def Info: media/image17.png  used on input line 1244.
(pdftex.def)             Requested size: 457.79604pt x 215.2987pt.

Overfull \hbox (2.55193pt too wide) in paragraph at lines 1244--1245
 [][] 
 []

<media/image18.png, id=140, 1604.99625pt x 754.82pt>
File: media/image18.png Graphic file (type png)
<use media/image18.png>
Package pdftex.def Info: media/image18.png  used on input line 1251.
(pdftex.def)             Requested size: 457.79604pt x 215.2987pt.

Overfull \hbox (2.55193pt too wide) in paragraph at lines 1251--1252
 [][] 
 []

<media/image19.png, id=141, 1604.99625pt x 754.82pt>
File: media/image19.png Graphic file (type png)
<use media/image19.png>
Package pdftex.def Info: media/image19.png  used on input line 1258.
(pdftex.def)             Requested size: 457.79604pt x 215.2987pt.

Overfull \hbox (2.55193pt too wide) in paragraph at lines 1258--1259
 [][] 
 []

[24 <./media/image17.png> <./media/image18.png>]
File: media/image20.png Graphic file (type png)
<use media/image20.png>
Package pdftex.def Info: media/image20.png  used on input line 1262.
(pdftex.def)             Requested size: 457.79604pt x 215.2987pt.

Overfull \hbox (38.42693pt too wide) in paragraph at lines 1262--1262
|[][]| 
 []

File: media/image21.png Graphic file (type png)
<use media/image21.png>
Package pdftex.def Info: media/image21.png  used on input line 1265.
(pdftex.def)             Requested size: 457.79604pt x 215.2987pt.

Overfull \hbox (38.42693pt too wide) in paragraph at lines 1265--1265
|[][]| 
 []

File: media/image22.png Graphic file (type png)
<use media/image22.png>
Package pdftex.def Info: media/image22.png  used on input line 1268.
(pdftex.def)             Requested size: 457.79976pt x 255.35052pt.

Overfull \hbox (38.43065pt too wide) in paragraph at lines 1268--1268
|[][]| 
 []

File: media/image23.png Graphic file (type png)
<use media/image23.png>
Package pdftex.def Info: media/image23.png  used on input line 1271.
(pdftex.def)             Requested size: 457.80699pt x 253.13736pt.

Overfull \hbox (38.43788pt too wide) in paragraph at lines 1271--1271
|[][]| 
 []

[25 <./media/image19.png>]
Overfull \vbox (395.88724pt too high) has occurred while \output is active []


[26]
Overfull \hbox (0.815pt too wide) in paragraph at lines 1287--1291
[]\T1/lmr/m/n/12 Pour ga-ran-tir une ex-cel-lente ex-pé-rience uti-li-sa-teur, 
l\TS1/lmr/m/n/12 '\T1/lmr/m/n/12 application uti-lise l\TS1/lmr/m/n/12 '\T1/lmr
/m/n/12 asynchronisme
 []

[27] [28] [29]) (./chapitres/02_contexte.tex [30]
Chapitre 6.
) (./chapitres/03_architecture.tex [31

]
Annexe A.
[32

]) [33

] (./rapport_EST_Fes.aux)
 ***********
LaTeX2e <2023-11-01> patch level 1
L3 programming layer <2024-01-22>
 ***********
 ) 
Here is how much of TeX's memory you used:
 5991 strings out of 474222
 94157 string characters out of 5748733
 1946975 words of memory out of 5000000
 28145 multiletter control sequences out of 15000+600000
 606559 words of font info for 68 fonts, out of 8000000 for 9000
 1141 hyphenation exceptions out of 8191
 57i,8n,65p,297b,428s stack positions out of 10000i,1000n,20000p,200000b,200000s
</usr/share/texmf/fonts/type1/public/lm/lmbx12.pfb></usr/share/texmf/fonts/ty
pe1/public/lm/lmcsc10.pfb></usr/share/texmf/fonts/type1/public/lm/lmr12.pfb></u
sr/share/texmf/fonts/type1/public/lm/lmri12.pfb></usr/share/texmf/fonts/type1/p
ublic/lm/lmsy10.pfb></usr/share/texlive/texmf-dist/fonts/type1/public/amsfonts/
symbols/msam10.pfb>
Output written on rapport_EST_Fes.pdf (43 pages, 2559011 bytes).
PDF statistics:
 219 PDF objects out of 1000 (max. 8388607)
 127 compressed objects within 2 object streams
 0 named destinations out of 1000 (max. 500000)
 76 words of extra memory for PDF output out of 10000 (max. 10000000)

